[cosmoapp.io/index.html]
[www.sayollo.com/index.html]
[playpalsapp.co/index.html]
[backblue.gif]
[fade.gif]
[index.html]
[playpalsapp.co/wp-content/plugins/jquery-collapse-o-matic/light_stylef24c.css]
[playpalsapp.co/feed/index.html]
[playpalsapp.co/wp-content/themes/u-design/styles/common-css/reset5152.css]
[playpalsapp.co/comments/feed/index.html]
[playpalsapp.co/wp-content/themes/u-design/styles/style1/css/text5152.css]
[playpalsapp.co/wp-content/themes/u-design/styles/common-css/9605152.css]
[playpalsapp.co/wp-content/themes/u-design/scripts/superfish-menu/css/superfishba3a.css]
[playpalsapp.co/wp-content/themes/u-design/styles/common-css/font-awesome/css/font-awesome5502.css]
[playpalsapp.co/wp-content/themes/u-design/styles/style1/css/style5502.css]
[playpalsapp.co/wp-content/themes/u-design/styles/custom/custom_style6d31.css]
[playpalsapp.co/wp-content/themes/u-design/styles/common-css/fluid5502.css]
[playpalsapp.co/wp-content/themes/u-design-child/styleeaef.css]
[playpalsapp.co/wp-content/plugins/elementor/assets/lib/eicons/css/elementor-icons.min3109.css]
[playpalsapp.co/wp-content/plugins/elementor/assets/lib/font-awesome/css/font-awesome.min1849.css]
[playpalsapp.co/wp-content/plugins/elementor/assets/css/animations.min3109.css]
[playpalsapp.co/wp-content/plugins/elementor/assets/css/frontend.min3109.css]
[playpalsapp.co/wp-content/uploads/elementor/css/global658c.css]
[playpalsapp.co/wp-content/uploads/elementor/css/post-63658c.css]
[playpalsapp.co/wp-content/cache/nextend/web/n2-ss-2/n2-ss-22b57.css]
[playpalsapp.co/wp-includes/js/jquery/jqueryb8ff.js]
[playpalsapp.co/wp-includes/js/jquery/jquery-migrate.min330a.js]
[playpalsapp.co/wp-content/plugins/wonderplugin-lightbox/engine/wonderpluginlightboxf049.js]
[playpalsapp.co/wp-content/plugins/google-analyticator/external-tracking.min380f.js]
[playpalsapp.co/xmlrpc0db0.php]
[playpalsapp.co/wp-includes/wlwmanifest.xml]
[playpalsapp.co/wp-json/index.html]
[playpalsapp.co/wp-json/oembed/1.0/embedb768.json]
[playpalsapp.co/wp-json/oembed/1.0/embedc097]
[fonts.googleapis.com/css86fd.css]
[connect.facebook.net/en_US/fbevents.js]
[www.facebook.com/tr782b.gif]
[playpalsapp.co/wp-content/uploads/2017/11/cropped-system-icon-big-32x32.png]
[playpalsapp.co/wp-content/uploads/2017/11/cropped-system-icon-big-192x192.png]
[playpalsapp.co/wp-content/uploads/2017/11/cropped-system-icon-big-180x180.png]
[playpalsapp.co/wp-content/uploads/2017/11/cropped-system-icon-big-270x270.png]
[www.google-analytics.com/analytics.js]
[playpalsapp.co/wp-content/cache/nextend/web/n2/n22b57.js]
[playpalsapp.co/wp-content/plugins/smart-slider-3/nextend/media/dist/nextend-frontend.min34eb.js]
[playpalsapp.co/wp-content/plugins/smart-slider-3/library/media/dist/smartslider-frontend.min34eb.js]
[playpalsapp.co/wp-content/uploads/2017/11/logo-with-slogan-2.png]
[playpalsapp.co/wp-content/plugins/smart-slider-3/library/media/plugins/type/simple/simple/dist/smartslider-simple-type-frontend.min34eb.js]
[playpalsapp.co/wp-content/uploads/2017/11/slider-1.jpg]
[playpalsapp.co/wp-content/uploads/2017/11/slider-2.jpg]
[playpalsapp.co/wp-content/uploads/2017/11/slider-3.jpg]
[playpalsapp.co/wp-content/uploads/2017/11/slider-4.jpg]
[playpalsapp.co/wp-content/uploads/2017/11/slider-5.jpg]
[playpalsapp.co/wp-content/uploads/2017/11/slider-6.jpg]
[playpalsapp.co/wp-content/uploads/2017/11/slider-7.jpg]
[playpalsapp.co/how-to-use/index.html]
[playpalsapp.co/about-us/index.html]
[playpalsapp.co/wp-content/uploads/2017/11/homepage-app-screen.png]
[playpalsapp.co/game-stores/index.html]
[playpalsapp.co/investors-information/index.html]
[playpalsapp.co/wp-content/uploads/2017/11/logo-play-store-1.png]
[playpalsapp.co/wp-content/uploads/2017/11/logo-app-store-1.png]
[playpalsapp.co/wp-includes/js/comment-reply.min5859.js]
[playpalsapp.co/terms-conditions/index.html]
[playpalsapp.co/wp-content/plugins/jquery-collapse-o-matic/js/collapse744a.js]
[playpalsapp.co/wp-content/themes/u-design/scripts/superfish-menu/js/superfish.combinedba3a.js]
[playpalsapp.co/wp-content/themes/u-design/scripts/script5152.js]
[playpalsapp.co/privacy-policy/index.html]
[playpalsapp.co/wp-includes/js/wp-embed.min5859.js]
[playpalsapp.co/wp-includes/js/jquery/ui/position.mine899.js]
[playpalsapp.co/wp-content/plugins/elementor/assets/lib/dialog/dialog.minbfce.js]
[playpalsapp.co/wp-content/plugins/elementor/assets/lib/waypoints/waypoints.min05da.js]
[playpalsapp.co/wp-content/plugins/elementor/assets/lib/swiper/swiper.jquery.minccfb.js]
[playpalsapp.co/index.html]
[playpalsapp.co/wp-content/plugins/elementor/assets/js/frontend.min3109.js]
[cosmoapp.io/path---index-a0e39f21c11f6a62c5ab.js]
[cosmoapp.io/component---src-pages-index-js-fd8b06413cd24a75850e.js]
[cosmoapp.io/component---src-layouts-index-js-6557fc10e389044e23c2.js]
[cosmoapp.io/app-8299d42d66ae14b9b534.js]
[cosmoapp.io/commons-166ebb0285102dd472dc.js]
[cosmoapp.io/static/apple-icon-152x152.24846f5b.png]
[cosmoapp.io/static/apple-icon-180x180.a6419aa8.png]
[cosmoapp.io/static/android-icon-192x192.1b219822.png]
[cosmoapp.io/manifest.json]
[d33wubrfki0l68.cloudfront.net/de51a8494180a6db074af2dee2383f0a363c5b08/4dd6a/static/glyphicons-halflings-regular.89889688.svg]
[d33wubrfki0l68.cloudfront.net/js/adc83b19e793491b1c6ea0fd8b46cd9f32e592fc/{$rootfolder}/assets/js/chart.js]
[d33wubrfki0l68.cloudfront.net/9a52b30bd238d968d9dbb93670a6c65a0735964a/e24be/static/app-store.5e818b11.svg]
[d33wubrfki0l68.cloudfront.net/74e5743a69f014c0d50c456cc7cdcba8e06af6b0/f7228/static/play-store.0e822e03.svg]
[d33wubrfki0l68.cloudfront.net/103edaec35aab989f41e3d9bfe15db5298b428ad/5b6d2/static/app-icon.ecdd7e27.png]
[d33wubrfki0l68.cloudfront.net/9cc8be1789153cabed4ed492f831b59cff856634/4862a/static/cosmo-logo-white-slogan.f905e9d0.svg]
[d33wubrfki0l68.cloudfront.net/4093cefca1a564f4864b65f1c92edcae0943e820/3e905/static/iphone-x.a9e2072f.svg]
[cosmoapp.io/_data_image/svg+xml,_svg width='52' height='26' viewBox='0/www.w3.org/2000/svg'__g fill='none' fill-rule='evenodd'__g fill/__/g__/g__/svg__]
[d33wubrfki0l68.cloudfront.net/dada8b835630963ce5a3b960e4c4442155176434/a11a5/static/iphone-1.e982036c.svg]
[cosmoapp.io/_data_image/svg+xml,_svg width='84' height='48' viewBox='0/www.w3.org/2000/svg'__path d='M0 0h12v6H0V0zm28 8h12v6H28V8zm14/__/svg__]
[d33wubrfki0l68.cloudfront.net/c4ffcf8233bcddebb97059cd356f75ab5dccae16/fd244/static/cryptocompare.edfb0e24.jpg]
[d33wubrfki0l68.cloudfront.net/1eee88ba26e5b3867364ec5a405b729f38f65a18/78e41/static/poloniex.7df90f6e.jpg]
[cosmoapp.io/index.html]
[d33wubrfki0l68.cloudfront.net/d6d8dd9297eda120f6172fc50b83457d5f1754c0/d66e9/static/iphone-2.b262e6a4.svg]
[www.sayollo.com/img/favicon.png]
[d33wubrfki0l68.cloudfront.net/1e08e55b19efe6388b6c6e22b9772fa44ba946a8/36d8c/static/iphone-4.2e052a98.svg]
[www.sayollo.com/img/favicon-retina-ipad.png]
[www.sayollo.com/img/favicon-retina-iphone.png]
[cosmoapp.io/terms-policy/index.html]
[www.sayollo.com/img/favicon-standard-ipad.png]
[www.sayollo.com/img/favicon-standard-iphone.png]
[www.sayollo.com/css/style.css]
[www.sayollo.com/js/modernizr.custom.js]
[www.sayollo.com/img/logo1.png]
[www.sayollo.com/js/jquery.min.js]
[www.sayollo.com/js/jquery.easings.min.js]
[www.sayollo.com/js/bootstrap.min.js]
[www.sayollo.com/js/velocity.min.js]
[www.sayollo.com/js/velocity.ui.min.js]
[www.sayollo.com/js/notifyMe.js]
[www.sayollo.com/js/say-custom.js]
[www.sayollo.com/js/jquery.mousewheel.js]
[www.sayollo.com/js/classie.js]
[www.sayollo.com/js/jquery.mCustomScrollbar.js]
[www.sayollo.com/js/dialogFx.js]
[www.sayollo.com/index.html]
[playpalsapp.co/xmlrpc.php]
[www.sayollo.com/js/main.js]
[s.w.org/index.html]
[playpalsapp.co/indexda9d.html]
[fonts.googleapis.com/css86fd.css]
[playpalsapp.co/wp-content/uploads/elementor/css/post-8386ab.css]
[playpalsapp.co/wp-json/oembed/1.0/embede8c8.json]
[playpalsapp.co/wp-json/oembed/1.0/embed1420]
[playpalsapp.co/wp-content/uploads/2017/11/icon-map.png]
[playpalsapp.co/wp-content/uploads/2017/11/app-screen-map-1.png]
[playpalsapp.co/wp-content/uploads/2017/11/icon-list.png]
[playpalsapp.co/wp-content/uploads/2017/11/app-screen-list-1.png]
[playpalsapp.co/wp-content/uploads/2017/11/icon-event.png]
[playpalsapp.co/wp-content/uploads/2017/11/app-screen-event-1.png]
[playpalsapp.co/wp-content/uploads/2017/11/icon-filter-game.png]
[playpalsapp.co/wp-content/uploads/2017/11/app-screen-filter-games-1.png]
[playpalsapp.co/wp-content/uploads/2017/11/icon-filter-date.png]
[playpalsapp.co/wp-content/uploads/2017/11/app-screen-filter-date-1.png]
[playpalsapp.co/wp-content/uploads/2017/11/icon-filter-location.png]
[playpalsapp.co/wp-content/uploads/2017/11/app-screen-filter-distance-1.png]
[playpalsapp.co/wp-content/uploads/2017/11/icon-create.png]
[playpalsapp.co/wp-content/uploads/2017/11/app-screen-create-1.png]
[playpalsapp.co/wp-content/uploads/2017/11/icon-activity.png]
[playpalsapp.co/wp-content/uploads/2017/11/app-screen-activity-1.png]
[playpalsapp.co/wp-content/uploads/2017/11/icon-settings.png]
[playpalsapp.co/how-to-use/index.html]
[playpalsapp.co/wp-content/uploads/2017/11/app-screen-settings-1.png]
[playpalsapp.co/wp-content/uploads/elementor/css/post-61f50e.css]
[playpalsapp.co/wp-json/oembed/1.0/embedd4fa.json]
[playpalsapp.co/wp-json/oembed/1.0/embed1057]
[playpalsapp.co/wp-content/uploads/2017/11/origin-story-2.jpg]
[playpalsapp.co/wp-content/uploads/2017/11/profile-guy-5.jpg]
[playpalsapp.co/wp-content/uploads/2017/11/arik-animated-small.jpg]
[playpalsapp.co/about-us/index.html]
[playpalsapp.co/wp-content/uploads/2017/11/guy-animated-small.jpg]
[playpalsapp.co/wp-content/uploads/elementor/css/post-782eeb.css]
[playpalsapp.co/wp-json/oembed/1.0/embedc5b6.json]
[playpalsapp.co/wp-json/oembed/1.0/embed371b]
[playpalsapp.co/wp-content/uploads/2017/11/game-store-2.jpg]
[playpalsapp.co/wp-content/uploads/2017/11/people-playing-game-store-3.jpg]
[playpalsapp.co/game-stores/index.html]
[playpalsapp.co/wp-content/uploads/2017/11/people-playing-game-store-1.jpg]
[playpalsapp.co/wp-content/uploads/elementor/css/post-94c21a.css]
[playpalsapp.co/wp-json/oembed/1.0/embed87b9.json]
[playpalsapp.co/wp-json/oembed/1.0/embed4820]
[playpalsapp.co/wp-content/uploads/2017/11/social-angst-forbes-2.png]
[playpalsapp.co/wp-content/uploads/2017/11/social-angst-time-800.jpg]
[playpalsapp.co/wp-content/uploads/2017/11/social-angst-guardian-800.jpg]
[playpalsapp.co/wp-content/uploads/2017/11/social-angst-cnn-800.jpg]
[playpalsapp.co/wp-content/uploads/2017/11/kickstarter-funding.png]
[playpalsapp.co/wp-content/uploads/2017/11/board-game-stats-adweek-2.jpg]
[playpalsapp.co/wp-content/uploads/2017/11/board-game-stats-vice-2.jpg]
[playpalsapp.co/wp-content/uploads/2017/11/how-many-players-2.jpg]
[playpalsapp.co/wp-content/uploads/2017/11/app-screens-4.jpg]
[playpalsapp.co/wp-content/uploads/2017/11/board-game-stats-geekwire-2.jpg]
[playpalsapp.co/wp-content/uploads/2017/11/board-game-stats-quartz-800.jpg]
[playpalsapp.co/wp-content/uploads/2017/11/board-game-stats-hbr-800.jpg]
[playpalsapp.co/wp-content/uploads/2017/11/board-game-stats-medical-800.jpg]
[playpalsapp.co/wp-content/uploads/2017/11/results-vancouver-1b.jpg]
[playpalsapp.co/wp-content/uploads/2017/11/revenue-freemium-500.png]
[playpalsapp.co/wp-content/uploads/2017/11/revenue-store-500-b.png]
[playpalsapp.co/wp-content/uploads/2017/11/revenue-games-500.png]
[playpalsapp.co/wp-content/uploads/2017/11/revenue-food-500.png]
[playpalsapp.co/wp-content/uploads/2017/11/timeline-2.png]
[playpalsapp.co/wp-content/uploads/2018/01/profile-arik.jpg]
[playpalsapp.co/wp-content/uploads/2018/01/profile-guy.jpg]
[playpalsapp.co/wp-content/uploads/2018/01/tal-kol.jpg]
[playpalsapp.co/wp-content/uploads/2018/01/matteo-shapira.jpg]
[playpalsapp.co/investors-information/index.html]
[playpalsapp.co/wp-content/uploads/2018/01/asmodee-canada.png]
[playpalsapp.co/wp-content/uploads/elementor/css/post-912666.css]
[playpalsapp.co/wp-json/oembed/1.0/embedfb77.json]
[playpalsapp.co/terms-conditions/index.html]
[playpalsapp.co/wp-json/oembed/1.0/embed8bb2]
[playpalsapp.co/wp-content/uploads/elementor/css/post-8809ec.css]
[playpalsapp.co/wp-json/oembed/1.0/embeda065.json]
[playpalsapp.co/privacy-policy/index.html]
[cosmoapp.io/_data_image/svg+xml,_svg width='52' height='26' viewBox='0/www.w3.org/2000/svg'__g fill='none' fill-rule='evenodd'__g fill/__/g__/g__/svg__.html]
[cosmoapp.io/_data_image/svg+xml,_svg width='84' height='48' viewBox='0/www.w3.org/2000/svg'__path d='M0 0h12v6H0V0zm28 8h12v6H28V8zm14/__/svg__.html]
[playpalsapp.co/wp-json/oembed/1.0/embed95cf]
[cosmoapp.io/component---src-pages-terms-policy-js-feebb358604cb0c402b2.js]
[cosmoapp.io/terms-policy/index.html]
[playpalsapp.co/index55e4.html]
[playpalsapp.co/index094d.html]
[playpalsapp.co/index7896.html]
[playpalsapp.co/index65d2.html]
[playpalsapp.co/index5cfa.html]
[playpalsapp.co/index8ed7.html]
[cosmoapp.io/path---terms-policy-a0e39f21c11f6a62c5ab.js]
[playpalsapp.co/wp-content/plugins/jquery-collapse-o-matic/light_stylef24c.css]
[playpalsapp.co/wp-content/plugins/wonderplugin-lightbox/engine/wonderpluginlightboxf049.js]
[playpalsapp.co/wp-content/themes/u-design/styles/common-css/reset5152.css]
[playpalsapp.co/wp-includes/js/jquery/jqueryb8ff.js]
[playpalsapp.co/wp-content/themes/u-design/styles/style1/css/text5152.css]
[playpalsapp.co/wp-json/index.html]
[playpalsapp.co/wp-content/themes/u-design/styles/common-css/9605152.css]
[playpalsapp.co/wp-includes/js/jquery/jquery-migrate.min330a.js]
[playpalsapp.co/wp-content/themes/u-design/scripts/superfish-menu/css/superfishba3a.css]
[playpalsapp.co/wp-content/plugins/google-analyticator/external-tracking.min380f.js]
[playpalsapp.co/wp-content/themes/u-design/styles/common-css/font-awesome/css/font-awesome5502.css]
[playpalsapp.co/xmlrpc0db0.php]
[playpalsapp.co/wp-content/themes/u-design/styles/style1/css/style5502.css]
[playpalsapp.co/wp-includes/wlwmanifest.xml]
[playpalsapp.co/wp-content/themes/u-design/styles/custom/custom_style6d31.css]
[playpalsapp.co/wp-json/oembed/1.0/embedb768.json]
[playpalsapp.co/wp-content/themes/u-design/styles/common-css/fluid5502.css]
[playpalsapp.co/wp-json/oembed/1.0/embedc097]
[playpalsapp.co/wp-content/themes/u-design-child/styleeaef.css]
[playpalsapp.co/wp-content/uploads/2017/11/cropped-system-icon-big-32x32.png]
[playpalsapp.co/wp-content/plugins/elementor/assets/lib/eicons/css/elementor-icons.min3109.css]
[playpalsapp.co/wp-content/uploads/2017/11/cropped-system-icon-big-192x192.png]
[playpalsapp.co/wp-content/plugins/elementor/assets/lib/font-awesome/css/font-awesome.min1849.css]
[www.facebook.com/tr782b.gif]
[playpalsapp.co/wp-content/plugins/elementor/assets/css/animations.min3109.css]
[playpalsapp.co/wp-content/uploads/2017/11/cropped-system-icon-big-180x180.png]
[playpalsapp.co/wp-content/plugins/elementor/assets/css/frontend.min3109.css]
[playpalsapp.co/wp-content/uploads/elementor/css/global658c.css]
[playpalsapp.co/wp-content/uploads/2017/11/cropped-system-icon-big-270x270.png]
[playpalsapp.co/wp-content/uploads/elementor/css/post-63658c.css]
[playpalsapp.co/wp-content/plugins/smart-slider-3/library/media/dist/smartslider-frontend.min34eb.js]
[playpalsapp.co/wp-content/cache/nextend/web/n2-ss-2/n2-ss-22b57.css]
[playpalsapp.co/wp-content/plugins/smart-slider-3/nextend/media/dist/nextend-frontend.min34eb.js]
[playpalsapp.co/wp-content/uploads/2017/11/logo-with-slogan-2.png]
[playpalsapp.co/wp-content/uploads/2017/11/slider-1.jpg]
[connect.facebook.net/en_US/fbevents.js]
[playpalsapp.co/wp-content/uploads/2017/11/slider-2.jpg]
[playpalsapp.co/wp-content/uploads/2017/11/slider-3.jpg]
[playpalsapp.co/wp-content/uploads/2017/11/slider-4.jpg]
[playpalsapp.co/how-to-use/index.html]
[playpalsapp.co/wp-content/uploads/2017/11/slider-5.jpg]
[playpalsapp.co/terms-conditions/index.html]
[d33wubrfki0l68.cloudfront.net/js/adc83b19e793491b1c6ea0fd8b46cd9f32e592fc/{$rootfolder}/assets/js/chart.js]
[d33wubrfki0l68.cloudfront.net/de51a8494180a6db074af2dee2383f0a363c5b08/4dd6a/static/glyphicons-halflings-regular.89889688.svg]
[d33wubrfki0l68.cloudfront.net/9a52b30bd238d968d9dbb93670a6c65a0735964a/e24be/static/app-store.5e818b11.svg]
[d33wubrfki0l68.cloudfront.net/74e5743a69f014c0d50c456cc7cdcba8e06af6b0/f7228/static/play-store.0e822e03.svg]
[d33wubrfki0l68.cloudfront.net/4093cefca1a564f4864b65f1c92edcae0943e820/3e905/static/iphone-x.a9e2072f.svg]
[www.sayollo.com/img/favicon.png]
[d33wubrfki0l68.cloudfront.net/9cc8be1789153cabed4ed492f831b59cff856634/4862a/static/cosmo-logo-white-slogan.f905e9d0.svg]
[www.sayollo.com/img/favicon-retina-ipad.png]
[d33wubrfki0l68.cloudfront.net/dada8b835630963ce5a3b960e4c4442155176434/a11a5/static/iphone-1.e982036c.svg]
[www.sayollo.com/img/favicon-retina-iphone.png]
[playpalsapp.co/wp-content/cache/nextend/web/n2/n22b57.js]
[d33wubrfki0l68.cloudfront.net/d6d8dd9297eda120f6172fc50b83457d5f1754c0/d66e9/static/iphone-2.b262e6a4.svg]
[www.sayollo.com/img/favicon-standard-ipad.png]
[www.sayollo.com/img/favicon-standard-iphone.png]
[d33wubrfki0l68.cloudfront.net/1e08e55b19efe6388b6c6e22b9772fa44ba946a8/36d8c/static/iphone-4.2e052a98.svg]
[www.sayollo.com/css/style.css]
[playpalsapp.co/wp-content/plugins/smart-slider-3/library/media/plugins/type/simple/simple/dist/smartslider-simple-type-frontend.min34eb.js]
[playpalsapp.co/wp-content/uploads/elementor/css/post-8386ab.css]
[www.sayollo.com/img/logo1.png]
[playpalsapp.co/wp-content/uploads/elementor/css/post-61f50e.css]
[playpalsapp.co/wp-includes/js/comment-reply.min5859.js]
[playpalsapp.co/wp-content/uploads/elementor/css/post-782eeb.css]
[playpalsapp.co/wp-json/oembed/1.0/embedd4fa.json]
[playpalsapp.co/wp-json/oembed/1.0/embede8c8.json]
[playpalsapp.co/wp-content/uploads/elementor/css/post-94c21a.css]
[playpalsapp.co/wp-json/oembed/1.0/embedc5b6.json]
[playpalsapp.co/wp-content/uploads/elementor/css/post-912666.css]
[playpalsapp.co/wp-json/oembed/1.0/embed87b9.json]
[playpalsapp.co/wp-content/uploads/elementor/css/post-8809ec.css]
